c:\users\ursac\source\repos\oop movie collection manager\oop movie collection manager\x64\debug\main.obj
c:\users\ursac\source\repos\oop movie collection manager\oop movie collection manager\x64\debug\controller.obj
c:\users\ursac\source\repos\oop movie collection manager\oop movie collection manager\x64\debug\domain.obj
c:\users\ursac\source\repos\oop movie collection manager\oop movie collection manager\x64\debug\testing.obj
c:\users\ursac\source\repos\oop movie collection manager\oop movie collection manager\x64\debug\repository.obj
c:\users\ursac\source\repos\oop movie collection manager\x64\debug\gtest.pdb
c:\users\ursac\source\repos\oop movie collection manager\x64\debug\gtest_main.pdb
c:\users\ursac\source\repos\oop movie collection manager\x64\debug\oop movie collection manager.exe
c:\users\ursac\source\repos\oop movie collection manager\x64\debug\oop movie collection manager.pdb
c:\users\ursac\source\repos\oop movie collection manager\oop movie collection manager\x64\debug\qt\moc\moc_userinterface.cpp
c:\users\ursac\source\repos\oop movie collection manager\oop movie collection manager\x64\debug\oop movie collection manager.ilk
c:\users\ursac\source\repos\oop movie collection manager\oop movie collection manager\x64\debug\moc_userinterface.obj
c:\users\ursac\source\repos\oop movie collection manager\oop movie collection manager\x64\debug\userinterface.obj
c:\users\ursac\source\repos\oop movie collection manager\oop movie collection manager\x64\debug\vc143.idb
c:\users\ursac\source\repos\oop movie collection manager\oop movie collection manager\x64\debug\vc143.pdb
c:\users\ursac\source\repos\oop movie collection manager\oop movie collection manager\x64\debug\oop movi.f4cbfb53.tlog\cl.command.1.tlog
c:\users\ursac\source\repos\oop movie collection manager\oop movie collection manager\x64\debug\oop movi.f4cbfb53.tlog\cl.items.tlog
c:\users\ursac\source\repos\oop movie collection manager\oop movie collection manager\x64\debug\oop movi.f4cbfb53.tlog\cl.read.1.tlog
c:\users\ursac\source\repos\oop movie collection manager\oop movie collection manager\x64\debug\oop movi.f4cbfb53.tlog\cl.write.1.tlog
c:\users\ursac\source\repos\oop movie collection manager\oop movie collection manager\x64\debug\oop movi.f4cbfb53.tlog\copylocal.read.1u.tlog
c:\users\ursac\source\repos\oop movie collection manager\oop movie collection manager\x64\debug\oop movi.f4cbfb53.tlog\copylocal.write.1u.tlog
c:\users\ursac\source\repos\oop movie collection manager\oop movie collection manager\x64\debug\oop movi.f4cbfb53.tlog\link.command.1.tlog
c:\users\ursac\source\repos\oop movie collection manager\oop movie collection manager\x64\debug\oop movi.f4cbfb53.tlog\link.read.1.tlog
c:\users\ursac\source\repos\oop movie collection manager\oop movie collection manager\x64\debug\oop movi.f4cbfb53.tlog\link.secondary.1.tlog
c:\users\ursac\source\repos\oop movie collection manager\oop movie collection manager\x64\debug\oop movi.f4cbfb53.tlog\link.write.1.tlog
c:\users\ursac\source\repos\oop movie collection manager\oop movie collection manager\x64\debug\oop movi.f4cbfb53.tlog\moc.read.1u.tlog
c:\users\ursac\source\repos\oop movie collection manager\oop movie collection manager\x64\debug\oop movi.f4cbfb53.tlog\moc.write.1u.tlog
c:\users\ursac\source\repos\oop movie collection manager\oop movie collection manager\x64\debug\oop movi.f4cbfb53.tlog\oop movie collection manager.write.1u.tlog
